PS C:\Users\momok> cd OneDrive
PS C:\Users\momok\OneDrive> cd デスクトップ
PS C:\Users\momok\OneDrive\デスクトップ> mkdir git_challenge


    ディレクトリ: C:\Users\momok\OneDrive\デスクトップ


Mode                 LastWriteTime         Length Name
----                 -------------         ------ ----
d-----        2025/08/03      3:00                git_challenge


PS C:\Users\momok\OneDrive\デスクトップ\git_challenge> git init
Initialized empty Git repository in C:/Users/momok/OneDrive/デスクトップ/git_challenge/.git/
PS C:\Users\momok\OneDrive\デスクトップ\git_challenge> New-Item -Path "hello_world.txt" -ItemType File


    ディレクトリ: C:\Users\momok\OneDrive\デスクトップ\git_challenge


Mode                 LastWriteTime         Length Name
----                 -------------         ------ ----
-a----        2025/08/03      3:05              0 hello_world.txt


PS C:\Users\momok\OneDrive\デスクトップ\git_challenge> echo "Hello, world!" > hello_world.txt
PS C:\Users\momok\OneDrive\デスクトップ\git_challenge> git add hello_world.txt
PS C:\Users\momok\OneDrive\デスクトップ\git_challenge> git commit -m "hello_world.txtを追加"
[main (root-commit) 4340e7a] hello_world.txtを追加
 1 file changed, 0 insertions(+), 0 deletions(-)
 create mode 100644 hello_world.txt
PS C:\Users\momok\OneDrive\デスクトップ\git_challenge> echo "こんにちは、世界！" >> hello_world.txt
PS C:\Users\momok\OneDrive\デスクトップ\git_challenge> git add hello_world.txt
PS C:\Users\momok\OneDrive\デスクトップ\git_challenge> git commit -m "日本語訳を追加"
[main d342c51] 日本語訳を追加
 1 file changed, 0 insertions(+), 0 deletions(-)
PS C:\Users\momok\OneDrive\デスクトップ\git_challenge> git log --oneline
d342c51 (HEAD -> main) 日本語訳を追加
4340e7a hello_world.txtを追加
